###############################################################################
#
# IAR ELF Linker V7.50.2.10312/W32 for ARM                04/Dec/2017  19:59:31
# Copyright 2007-2015 IAR Systems AB.
#
#    Output file  =  
#        D:\UTFPR\Períodos\8º Período\Sistemas Embarcados\Laboratórios\tarefa04
#        - datalogger modbus\Codigo\LAB04\Examples\Debug\Exe\blinky.out.tmp
#    Map file     =  
#        D:\UTFPR\Períodos\8º Período\Sistemas Embarcados\Laboratórios\tarefa04
#        - datalogger modbus\Codigo\LAB04\Examples\Debug\List\blinky.map
#    Command line =  
#        "D:\UTFPR\Períodos\8º Período\Sistemas
#        Embarcados\Laboratórios\tarefa04 - datalogger
#        modbus\Codigo\LAB04\Lib_EaBaseBoard\Debug\Exe\Lib_EaBaseBoard.a"
#        "D:\UTFPR\Períodos\8º Período\Sistemas
#        Embarcados\Laboratórios\tarefa04 - datalogger
#        modbus\Codigo\LAB04\Lib_MCU\Debug\Exe\Lib_MCU.a" "D:\UTFPR\Períodos\8º
#        Período\Sistemas Embarcados\Laboratórios\tarefa04 - datalogger
#        modbus\Codigo\LAB04\Lib_Mmc_Fat\Debug\Exe\Lib_Mmc_Fat.a"
#        "D:\UTFPR\Períodos\8º Período\Sistemas
#        Embarcados\Laboratórios\tarefa04 - datalogger
#        modbus\Codigo\LAB04\Examples\Debug\Obj\main.o" "D:\UTFPR\Períodos\8º
#        Período\Sistemas Embarcados\Laboratórios\tarefa04 - datalogger
#        modbus\Codigo\LAB04\RTOS\RTX\LIB\IAR\RTX_CM3.a" "D:\UTFPR\Períodos\8º
#        Período\Sistemas Embarcados\Laboratórios\tarefa04 - datalogger
#        modbus\Codigo\LAB04\Examples\Debug\Obj\RTX_Conf_CM.o"
#        "D:\UTFPR\Períodos\8º Período\Sistemas
#        Embarcados\Laboratórios\tarefa04 - datalogger
#        modbus\Codigo\LAB04\Examples\Debug\Obj\startup_LPC13xx.o"
#        "D:\UTFPR\Períodos\8º Período\Sistemas
#        Embarcados\Laboratórios\tarefa04 - datalogger
#        modbus\Codigo\LAB04\Examples\Debug\Obj\system_LPC13xx.o" -o
#        "D:\UTFPR\Períodos\8º Período\Sistemas
#        Embarcados\Laboratórios\tarefa04 - datalogger
#        modbus\Codigo\LAB04\Examples\Debug\Exe\blinky.out.tmp" --map
#        "D:\UTFPR\Períodos\8º Período\Sistemas
#        Embarcados\Laboratórios\tarefa04 - datalogger
#        modbus\Codigo\LAB04\Examples\Debug\List\blinky.map" --config
#        "D:\UTFPR\Períodos\8º Período\Sistemas
#        Embarcados\Laboratórios\tarefa04 - datalogger
#        modbus\Codigo\LAB04\Examples\src\lpc1343.icf" --semihosting --entry
#        __iar_program_start --vfe
#
###############################################################################

*******************************************************************************
*** RUNTIME MODEL ATTRIBUTES
***

CppFlavor                     = *
__SystemLibrary               = DLib
__dlib_dynamic_initialization = normal


*******************************************************************************
*** PLACEMENT SUMMARY
***

"A1":  place at 0x00000000 { ro section .intvec };
"P1":  place in [from 0x00000000 to 0x000002fb] |
                [from 0x00000300 to 0x00007fff] { ro };
"P2":  place in [from 0x10000000 to 0x10001fdf] { rw, block CSTACK, block HEAP };
"P3":  place in [from 0x000002fc to 0x000002ff] { section .crp };

  Section             Kind        Address    Size  Object
  -------             ----        -------    ----  ------
"A1":                                       0x128
  .intvec                      0x00000000   0x128  <Block>
    .intvec           ro code  0x00000000   0x128  startup_LPC13xx.o [1]
                             - 0x00000128   0x128

"P1", part 1 of 2:                          0x1c8
  .rodata             const    0x00000128     0x2  RTX_Conf_CM.o [1]
  .text               ro code  0x0000012c   0x13c  nossoSSP.o [4]
  .rodata             const    0x00000268     0x2  RTX_Conf_CM.o [1]
  .rodata             const    0x0000026a     0x2  RTX_Conf_CM.o [1]
  .text               ro code  0x0000026c     0x8  atoi.o [7]
  .text               ro code  0x00000274     0x6  rt_Time.o [6]
  .rodata             const    0x0000027a     0x1  RTX_Conf_CM.o [1]
  .rodata             const    0x0000027b     0x1  RTX_Conf_CM.o [1]
  .text               ro code  0x0000027c    0x66  ABImemset.o [8]
  .rodata             const    0x000002e4     0xc  main.o [1]
                             - 0x000002f0   0x1c8

"P3":                                         0x4
  .crp                ro code  0x000002fc     0x4  startup_LPC13xx.o [1]
                             - 0x00000300     0x4

"P1", part 2 of 2:                         0x66f0
  .text               ro code  0x00000300  0x1782  ff.o [5]
  .text               ro code  0x00001a84   0x774  mmc.o [5]
  .text               ro code  0x000021f8   0x5d4  gpio.o [4]
  .text               ro code  0x000027cc   0x924  main.o [1]
  .text               ro code  0x000030f0   0x8f0  rt_CMSIS.o [6]
  .text               ro code  0x000039e0   0x2a8  system_LPC13xx.o [1]
  .text               ro code  0x00003c88   0x32c  i2c.o [4]
  .text               ro code  0x00003fb4   0x150  uart.o [4]
  .text               ro code  0x00004104    0x36  joystick.o [3]
  .text               ro code  0x0000413c   0x4e2  oled.o [3]
  .text               ro code  0x00004620   0x10c  light.o [3]
  .text               ro code  0x0000472c    0xb8  acc.o [3]
  .text               ro code  0x000047e4    0x58  rgb.o [3]
  .text               ro code  0x0000483c   0x3b0  modbus.o [3]
  .text               ro code  0x00004bec    0xf0  pca9532.o [3]
  .text               ro code  0x00004cdc    0x76  ABImemcpy_unaligned.o [8]
  .text               ro code  0x00004d52    0x8e  rt_Memory.o [6]
  .text               ro code  0x00004de0   0x484  rt_Task.o [6]
  .text               ro code  0x00005264   0x2a4  rt_Mailbox.o [6]
  .text               ro code  0x00005508    0x48  RTX_Conf_CM.o [1]
  .text               ro code  0x00005550   0x110  rt_Event.o [6]
  .text               ro code  0x00005660   0x150  rt_Mutex.o [6]
  .text               ro code  0x000057b0    0x98  rt_MemBox.o [6]
  .text               ro code  0x00005848   0x23c  rt_List.o [6]
  .text               ro code  0x00005a84   0x128  rt_System.o [6]
  .text               ro code  0x00005bac    0xec  HAL_CM.o [6]
  .text               ro code  0x00005c98   0x198  xstoul.o [7]
  .text               ro code  0x00005e30   0x124  HAL_CM3.o [6]
  .text               ro code  0x00005f54    0x5c  rt_Robin.o [6]
  .text               ro code  0x00005fb0     0x4  low_level_init.o [7]
  .text               ro code  0x00005fb4    0x28  data_init.o [8]
  .text               ro code  0x00005fdc     0x4  exit.o [7]
  .text               ro code  0x00005fe0    0x34  rt_Semaphore.o [6]
  .text               ro code  0x00006014     0x6  ABImemclr4.o [8]
  .text               ro code  0x0000601a    0x14  isxxx.o [7]
  .text               ro code  0x0000602e    0x14  tolower.o [7]
  .text               ro code  0x00006044    0x58  memchr.o [8]
  .text               ro code  0x0000609c     0xc  errno.o [7]
  .text               ro code  0x000060a8     0xa  cexit.o [8]
  .text               ro code  0x000060b4    0x32  ABImemset48.o [8]
  .text               ro code  0x000060e8    0x18  setlocale.o [7]
  .text               ro code  0x00006100    0x14  xlocale_c.o [7]
  .text               ro code  0x00006114     0xc  xlocale_c.o [7]
  .text               ro code  0x00006120     0x2  xtls.o [7]
  .text               ro code  0x00006124    0x14  exit.o [9]
  .rodata             const    0x00006138   0x300  font5x7.o [3]
  .rodata             const    0x00006438   0x100  modbus.o [3]
  .rodata             const    0x00006538   0x100  modbus.o [3]
  .rodata             const    0x00006638    0x80  ff.o [5]
  .text               ro code  0x000066b8    0x40  zero_init3.o [8]
  .text               ro code  0x000066f8    0x2c  copy_init3.o [8]
  .rodata             const    0x00006724    0x28  main.o [1]
  .iar.init_table     const    0x0000674c    0x24  - Linker created -
  .text               ro code  0x00006770    0x20  startup_LPC13xx.o [1]
  .rodata             const    0x00006790    0x18  main.o [1]
  .rodata             const    0x000067a8    0x10  main.o [1]
  .rodata             const    0x000067b8    0x10  main.o [1]
  .rodata             const    0x000067c8    0x10  main.o [1]
  .rodata             const    0x000067d8    0x10  main.o [1]
  .rodata             const    0x000067e8    0x10  main.o [1]
  .rodata             const    0x000067f8    0x10  RTX_Conf_CM.o [1]
  .rodata             const    0x00006808    0x10  RTX_Conf_CM.o [1]
  .rodata             const    0x00006818     0xc  main.o [1]
  .rodata             const    0x00006824     0xc  main.o [1]
  .rodata             const    0x00006830     0xc  main.o [1]
  .rodata             const    0x0000683c     0xc  main.o [1]
  .rodata             const    0x00006848     0xc  main.o [1]
  .rodata             const    0x00006854     0xc  main.o [1]
  .rodata             const    0x00006860     0xc  main.o [1]
  .rodata             const    0x0000686c     0xc  main.o [1]
  .rodata             const    0x00006878     0xc  main.o [1]
  .rodata             const    0x00006884     0xc  ff.o [5]
  .text               ro code  0x00006890     0xc  cstartup_M.o [8]
  .rodata             const    0x0000689c     0x8  RTX_Conf_CM.o [1]
  .rodata             const    0x000068a4     0x8  modbus.o [3]
  .rodata             const    0x000068ac     0x8  oled.o [3]
  .rodata             const    0x000068b4     0x4  main.o [1]
  .rodata             const    0x000068b8     0x4  RTX_Conf_CM.o [1]
  .rodata             const    0x000068bc     0x4  RTX_Conf_CM.o [1]
  .rodata             const    0x000068c0     0x4  RTX_Conf_CM.o [1]
  .rodata             const    0x000068c4     0x4  RTX_Conf_CM.o [1]
  .rodata             const    0x000068c8     0x4  RTX_Conf_CM.o [1]
  .rodata             const    0x000068cc     0x4  RTX_Conf_CM.o [1]
  .rodata             const    0x000068d0     0x4  RTX_Conf_CM.o [1]
  .rodata             const    0x000068d4     0x4  RTX_Conf_CM.o [1]
  .rodata             const    0x000068d8     0x4  RTX_Conf_CM.o [1]
  .text               ro code  0x000068dc     0x4  startup_LPC13xx.o [1]
  .text               ro code  0x000068e0     0x4  startup_LPC13xx.o [1]
  .text               ro code  0x000068e4     0x4  startup_LPC13xx.o [1]
  .text               ro code  0x000068e8     0x4  startup_LPC13xx.o [1]
  .text               ro code  0x000068ec     0x4  startup_LPC13xx.o [1]
  .text               ro code  0x000068f0     0x4  startup_LPC13xx.o [1]
  .text               ro code  0x000068f4     0x4  startup_LPC13xx.o [1]
  .text               ro code  0x000068f8     0x4  startup_LPC13xx.o [1]
  .text               ro code  0x000068fc     0x4  startup_LPC13xx.o [1]
  .text               ro code  0x00006900     0x4  startup_LPC13xx.o [1]
  .text               ro code  0x00006904     0x4  startup_LPC13xx.o [1]
  .text               ro code  0x00006908     0x4  startup_LPC13xx.o [1]
  .text               ro code  0x0000690c     0x4  startup_LPC13xx.o [1]
  .text               ro code  0x00006910     0x4  startup_LPC13xx.o [1]
  .text               ro code  0x00006914     0x4  startup_LPC13xx.o [1]
  .text               ro code  0x00006918     0x4  startup_LPC13xx.o [1]
  .text               ro code  0x0000691c     0x4  startup_LPC13xx.o [1]
  .text               ro code  0x00006920     0x4  startup_LPC13xx.o [1]
  .text               ro code  0x00006924     0x4  startup_LPC13xx.o [1]
  .text               ro code  0x00006928     0x4  startup_LPC13xx.o [1]
  .text               ro code  0x0000692c     0x4  startup_LPC13xx.o [1]
  .text               ro code  0x00006930     0x4  startup_LPC13xx.o [1]
  .text               const    0x00006934     0x4  SVC_Table.o [6]
  .rodata             const    0x00006938     0x0  zero_init3.o [8]
  .rodata             const    0x00006938     0x0  copy_init3.o [8]
  Initializer bytes   const    0x00006938    0xb8  <for P2 s0>
                             - 0x000069f0  0x66f0

"P2", part 1 of 3:                           0xb8
  P2 s0                        0x10000000    0xb8  <Init block>
    __DLIB_PERTHREAD  inited   0x10000000    0x74  setlocale.o [7]
    .data             inited   0x10000074     0xc  main.o [1]
    .data             inited   0x10000080     0x8  main.o [1]
    .data             inited   0x10000088     0x8  main.o [1]
    .data             inited   0x10000090     0x8  main.o [1]
    .data             inited   0x10000098     0x8  main.o [1]
    .data             inited   0x100000a0     0x4  main.o [1]
    .data             inited   0x100000a4     0x4  system_LPC13xx.o [1]
    .data             inited   0x100000a8     0x4  light.o [3]
    .data             inited   0x100000ac     0x4  light.o [3]
    __DLIB_PERTHREAD  inited   0x100000b0     0x4  errno.o [7]
    .data             inited   0x100000b4     0x1  main.o [1]
    .data             inited   0x100000b5     0x1  mmc.o [5]
                             - 0x100000b8    0xb8

"P2", part 2 of 3:                         0x188c
  .bss                zero     0x100000b8   0xa00  RTX_Conf_CM.o [1]
  .bss                zero     0x10000ab8   0x390  RTX_Conf_CM.o [1]
  .bss                zero     0x10000e48   0x300  oled.o [3]
  .bss                zero     0x10001148   0x230  main.o [1]
  .bss                zero     0x10001378   0x178  RTX_Conf_CM.o [1]
  .bss                zero     0x100014f0    0x90  RTX_Conf_CM.o [1]
  .bss                zero     0x10001580    0x84  RTX_Conf_CM.o [1]
  .bss                zero     0x10001604    0x6c  main.o [1]
  .bss                zero     0x10001670    0x6c  main.o [1]
  .bss                zero     0x100016dc    0x3c  rt_Task.o [6]
  .bss                zero     0x10001718    0x30  main.o [1]
  .bss                zero     0x10001748    0x30  main.o [1]
  .bss                zero     0x10001778    0x24  main.o [1]
  .bss                zero     0x1000179c    0x24  main.o [1]
  .bss                zero     0x100017c0    0x1c  main.o [1]
  .bss                zero     0x100017dc    0x1c  RTX_Conf_CM.o [1]
  .bss                zero     0x100017f8    0x18  main.o [1]
  .bss                zero     0x10001810    0x18  rt_List.o [6]
  .bss                zero     0x10001828    0x18  rt_List.o [6]
  .bss                zero     0x10001840    0x14  main.o [1]
  .bss                zero     0x10001854    0x14  modbus.o [3]
  .bss                zero     0x10001868    0x10  main.o [1]
  .bss                zero     0x10001878    0x10  main.o [1]
  .bss                zero     0x10001888     0xc  main.o [1]
  .bss                zero     0x10001894     0x8  ff.o [5]
  .bss                zero     0x1000189c     0x8  rt_System.o [6]
  .bss                zero     0x100018a4     0x8  rt_Robin.o [6]
  .bss                zero     0x100018ac     0x4  main.o [1]
  .bss                zero     0x100018b0     0x4  main.o [1]
  .bss                zero     0x100018b4     0x4  main.o [1]
  .bss                zero     0x100018b8     0x4  main.o [1]
  .bss                zero     0x100018bc     0x4  main.o [1]
  .bss                zero     0x100018c0     0x4  main.o [1]
  .bss                zero     0x100018c4     0x4  main.o [1]
  .bss                zero     0x100018c8     0x4  main.o [1]
  .bss                zero     0x100018cc     0x4  main.o [1]
  .bss                zero     0x100018d0     0x4  main.o [1]
  .bss                zero     0x100018d4     0x4  main.o [1]
  .bss                zero     0x100018d8     0x4  main.o [1]
  .bss                zero     0x100018dc     0x4  main.o [1]
  .bss                zero     0x100018e0     0x4  main.o [1]
  .bss                zero     0x100018e4     0x4  main.o [1]
  .bss                zero     0x100018e8     0x4  RTX_Conf_CM.o [1]
  .bss                zero     0x100018ec     0x4  RTX_Conf_CM.o [1]
  .bss                zero     0x100018f0     0x4  RTX_Conf_CM.o [1]
  .bss                zero     0x100018f4     0x4  gpio.o [4]
  .bss                zero     0x100018f8     0x4  gpio.o [4]
  .bss                zero     0x100018fc     0x4  gpio.o [4]
  .bss                zero     0x10001900     0x4  gpio.o [4]
  .bss                zero     0x10001904     0x4  i2c.o [4]
  .bss                zero     0x10001908     0x4  i2c.o [4]
  .bss                zero     0x1000190c     0x4  i2c.o [4]
  .bss                zero     0x10001910     0x4  i2c.o [4]
  .bss                zero     0x10001914     0x4  i2c.o [4]
  .bss                zero     0x10001918     0x4  i2c.o [4]
  .bss                zero     0x1000191c     0x4  i2c.o [4]
  .bss                zero     0x10001920     0x4  modbus.o [3]
  .bss                zero     0x10001924     0x4  modbus.o [3]
  .bss                zero     0x10001928     0x4  rt_CMSIS.o [6]
  .bss                zero     0x1000192c     0x4  rt_Time.o [6]
  .bss                zero     0x10001930     0x2  ff.o [5]
  .bss                zero     0x10001932     0x2  rt_CMSIS.o [6]
  .bss                zero     0x10001934     0x2  pca9532.o [3]
  .bss                zero     0x10001936     0x2  pca9532.o [3]
  .bss                zero     0x10001938     0x2  pca9532.o [3]
  .bss                zero     0x1000193a     0x1  main.o [1]
  .bss                zero     0x1000193b     0x1  main.o [1]
  .bss                zero     0x1000193c     0x1  main.o [1]
  .bss                zero     0x1000193d     0x1  i2c.o [4]
  .bss                zero     0x1000193e     0x1  mmc.o [5]
  .bss                zero     0x1000193f     0x1  mmc.o [5]
  .bss                zero     0x10001940     0x1  mmc.o [5]
  .bss                zero     0x10001941     0x1  HAL_CM.o [6]
                             - 0x10001942  0x188a

"P2", part 3 of 3:                           0x80
  CSTACK                       0x10001948    0x80  <Block>
    CSTACK            uninit   0x10001948    0x80  <Block tail>
                             - 0x100019c8    0x80


*******************************************************************************
*** INIT TABLE
***

          Address     Size
          -------     ----
Zero (__iar_zero_init3)
    1 destination range, total size 0x188a:
          0x100000b8  0x188a

Copy (__iar_copy_init3)
    1 source range, total size 0xb8 (101% of destination):
          0x00006938    0xb8
    1 destination range, total size 0xb6:
          0x10000000    0xb6



*******************************************************************************
*** MODULE SUMMARY
***

    Module                 ro code  ro data  rw data
    ------                 -------  -------  -------
D:\UTFPR\Períodos\8º Período\Sistemas Embarcados\Laboratórios\tarefa04 - datalogger modbus\Codigo\LAB04\Examples\Debug\Obj: [1]
    RTX_Conf_CM.o               72       84    4 164
    main.o                   2 340      317    1 172
    startup_LPC13xx.o          420
    system_LPC13xx.o           680        4        4
    ------------------------------------------------
    Total:                   3 512      405    5 340

command line: [2]
    ------------------------------------------------
    Total:

Lib_EaBaseBoard.a: [3]
    acc.o                      184
    font5x7.o                           768
    joystick.o                  54
    light.o                    268        8        8
    modbus.o                   944      520       28
    oled.o                   1 250        8      768
    pca9532.o                  240                 6
    rgb.o                       88
    ------------------------------------------------
    Total:                   3 028    1 304      810

Lib_MCU.a: [4]
    gpio.o                   1 492                16
    i2c.o                      812                29
    nossoSSP.o                 316
    uart.o                     336
    ------------------------------------------------
    Total:                   2 956                45

Lib_Mmc_Fat.a: [5]
    ff.o                     6 018      140       10
    mmc.o                    1 908        1        4
    ------------------------------------------------
    Total:                   7 926      141       14

RTX_CM3.a: [6]
    HAL_CM.o                   236                 1
    HAL_CM3.o                  292
    SVC_Table.o                           4
    rt_CMSIS.o               2 288                 6
    rt_Event.o                 272
    rt_List.o                  572                48
    rt_Mailbox.o               676
    rt_MemBox.o                152
    rt_Memory.o                142
    rt_Mutex.o                 336
    rt_Robin.o                  92                 8
    rt_Semaphore.o              52
    rt_System.o                296                 8
    rt_Task.o                1 156                60
    rt_Time.o                    6                 4
    ------------------------------------------------
    Total:                   6 568        4      135

dl7M_tlf.a: [7]
    atoi.o                       8
    errno.o                     12        4        4
    exit.o                       4
    isxxx.o                     20
    low_level_init.o             4
    setlocale.o                 24      116      116
    tolower.o                   20
    xlocale_c.o                 32
    xstoul.o                   408
    xtls.o                       2
    ------------------------------------------------
    Total:                     534      120      120

rt7M_tl.a: [8]
    ABImemclr4.o                 6
    ABImemcpy_unaligned.o      118
    ABImemset.o                102
    ABImemset48.o               50
    cexit.o                     10
    copy_init3.o                44
    cstartup_M.o                12
    data_init.o                 40
    memchr.o                    88
    zero_init3.o                64
    ------------------------------------------------
    Total:                     534

shb_l.a: [9]
    exit.o                      20
    ------------------------------------------------
    Total:                      20

    Gaps                        16        2
    Linker created                       38      128
----------------------------------------------------
    Grand Total:            25 094    2 014    6 592


*******************************************************************************
*** ENTRY LIST
***

Entry                      Address   Size  Type      Object
-----                      -------   ----  ----      ------
.iar.init_table$$Base   0x0000674c          --   Gb  - Linker created -
.iar.init_table$$Limit  0x00006770          --   Gb  - Linker created -
.intvec$$Base           0x00000000          --   Gb  - Linker created -
.intvec$$Limit          0x00000128          --   Gb  - Linker created -
CMSIS_RTOS_API_Version  0x000068c4    0x4  Data  Gb  RTX_Conf_CM.o [1]
CMSIS_RTOS_RTX_Version  0x000068c8    0x4  Data  Gb  RTX_Conf_CM.o [1]
CSTACK$$Base            0x10001948          --   Gb  - Linker created -
CSTACK$$Limit           0x100019c8          --   Gb  - Linker created -
CardType                0x10001940    0x1  Data  Lc  mmc.o [5]
FatFs                   0x10001894    0x8  Data  Lc  ff.o [5]
Fsid                    0x10001930    0x2  Data  Lc  ff.o [5]
GPIOInit                0x0000220f   0x5c  Code  Gb  gpio.o [4]
GPIOIntClear            0x000026e9   0x5a  Code  Gb  gpio.o [4]
GPIOIntEnable           0x0000268f   0x5a  Code  Gb  gpio.o [4]
GPIOSetDir              0x0000226b  0x142  Code  Gb  gpio.o [4]
GPIOSetInterrupt        0x000024af  0x1e0  Code  Gb  gpio.o [4]
GPIOSetValue            0x000023ad  0x102  Code  Gb  gpio.o [4]
GPIOShadowPort0         0x100018f4    0x4  Data  Lc  gpio.o [4]
GPIOShadowPort1         0x100018f8    0x4  Data  Lc  gpio.o [4]
GPIOShadowPort2         0x100018fc    0x4  Data  Lc  gpio.o [4]
GPIOShadowPort3         0x10001900    0x4  Data  Lc  gpio.o [4]
I2CAddr                 0x1000193d    0x1  Data  Lc  i2c.o [4]
I2CEngine               0x00003eed   0x34  Code  Gb  i2c.o [4]
I2CInit                 0x00003e73   0x7a  Code  Gb  i2c.o [4]
I2CMasterBuffer         0x10001908    0x4  Data  Lc  i2c.o [4]
I2CMasterState          0x10001904    0x4  Data  Lc  i2c.o [4]
I2CRead                 0x00003f21   0x26  Code  Gb  i2c.o [4]
I2CReadLength           0x10001910    0x4  Data  Lc  i2c.o [4]
I2CSlaveBuffer          0x1000190c    0x4  Data  Lc  i2c.o [4]
I2CStart                0x00003e2f   0x28  Code  Gb  i2c.o [4]
I2CStop                 0x00003e57   0x1c  Code  Gb  i2c.o [4]
I2CWrite                0x00003f47   0x22  Code  Gb  i2c.o [4]
I2CWriteLength          0x10001914    0x4  Data  Lc  i2c.o [4]
I2C_IRQHandler          0x00003c9d  0x192  Code  Gb  i2c.o [4]
NVIC_DisableIRQ         0x00003fb5   0x14  Code  Lc  uart.o [4]
NVIC_EnableIRQ          0x000021f9   0x16  Code  Lc  gpio.o [4]
NVIC_EnableIRQ          0x00003c89   0x14  Code  Lc  i2c.o [4]
NVIC_EnableIRQ          0x0000012d   0x14  Code  Lc  nossoSSP.o [4]
OS_Tick_Handler         0x00005f33         Code  Gb  HAL_CM3.o [6]
PIOINT2_IRQHandler      0x000027ed   0x66  Code  Gb  main.o [1]
PendSV_Handler          0x00005ef7         Code  Gb  HAL_CM3.o [6]
RdIndex                 0x10001918    0x4  Data  Lc  i2c.o [4]
Region$$Table$$Base     0x0000674c          --   Gb  - Linker created -
Region$$Table$$Limit    0x00006770          --   Gb  - Linker created -
SSP0_IRQHandler         0x000027cd   0x20  Code  Gb  main.o [1]
SSPInit                 0x00000141   0x90  Code  Gb  nossoSSP.o [4]
SSPReceive              0x00000207   0x2a  Code  Gb  nossoSSP.o [4]
SSPSend                 0x000001d1   0x36  Code  Gb  nossoSSP.o [4]
SVC_Count               0x00006934         Data  Gb  SVC_Table.o [6]
SVC_Handler             0x00005e8d         Code  Gb  HAL_CM3.o [6]
SVC_Table               0x00006938         Data  Gb  SVC_Table.o [6]
Stat                    0x100000b5    0x1  Data  Lc  mmc.o [5]
SysTick_Handler         0x00005f2d         Code  Gb  HAL_CM3.o [6]
SystemCoreClock         0x100000a4    0x4  Data  Gb  system_LPC13xx.o [1]
SystemCoreClockUpdate   0x000039e1  0x188  Code  Gb  system_LPC13xx.o [1]
SystemInit              0x00003b69   0xa4  Code  Gb  system_LPC13xx.o [1]
Timer1                  0x1000193e    0x1  Data  Lc  mmc.o [5]
Timer2                  0x1000193f    0x1  Data  Lc  mmc.o [5]
UARTInit                0x00003fc9   0xae  Code  Gb  uart.o [4]
UARTReceive             0x00004095   0x3c  Code  Gb  uart.o [4]
UARTSend                0x00004077   0x1e  Code  Gb  uart.o [4]
WrIndex                 0x1000191c    0x4  Data  Lc  i2c.o [4]
_IsdstStr               0x10000004    0x4  Data  Gb  setlocale.o [7]
_LocaleC_isspace        0x00006101   0x14  Code  Gb  xlocale_c.o [7]
_LocaleC_tolower        0x00006115    0xc  Code  Gb  xlocale_c.o [7]
_LocaleForCat           0x000060e9   0x12  Code  Gb  setlocale.o [7]
_LocaleReturnString     0x10000024   0x50  Data  Lc  setlocale.o [7]
_Locale_Profile         0x10000008   0x1c  Data  Gb  setlocale.o [7]
_TzoneStr               0x10000000    0x4  Data  Gb  setlocale.o [7]
__Vectors               0x00000000          --   Gb  startup_LPC13xx.o [1]
__Vectors_End           0x00000128         Data  Gb  startup_LPC13xx.o [1]
__Vectors_Size {Abs}    0x00000128          --   Gb  startup_LPC13xx.o [1]
__aeabi_errno_addr      0x0000609d    0x6  Code  Gb  errno.o [7]
__aeabi_memclr4         0x00006015         Code  Gb  ABImemclr4.o [8]
__aeabi_memset          0x0000027d         Code  Gb  ABImemset.o [8]
__cmain                 0x00005529   0x22  Code  Gb  RTX_Conf_CM.o [1]
__disable_irq           0x000057b5    0xc  Code  Lc  rt_MemBox.o [6]
__disable_irq           0x00005269    0xc  Code  Lc  rt_Mailbox.o [6]
__disable_irq           0x00005a89    0xc  Code  Lc  rt_System.o [6]
__disable_irq           0x0000584d    0xc  Code  Lc  rt_List.o [6]
__enable_irq            0x000057b1    0x4  Code  Lc  rt_MemBox.o [6]
__enable_irq            0x00005265    0x4  Code  Lc  rt_Mailbox.o [6]
__enable_irq            0x00005a85    0x4  Code  Lc  rt_System.o [6]
__enable_irq            0x00005849    0x4  Code  Lc  rt_List.o [6]
__exit                  0x00006125   0x14  Code  Gb  exit.o [9]
__iar_Errno             0x100000b0    0x4  Data  Gb  errno.o [7]
__iar_Memchr            0x00006045         Code  Gb  memchr.o [8]
__iar_Memset            0x0000027d         Code  Gb  ABImemset.o [8]
__iar_Memset4_word      0x000060b5         Code  Gb  ABImemset48.o [8]
__iar_Memset8_word      0x000060b5         Code  Gb  ABImemset48.o [8]
__iar_Memset_word       0x00000285         Code  Gb  ABImemset.o [8]
__iar_Stoul             0x00005ddd    0x4  Code  Gb  xstoul.o [7]
__iar_Stoulx            0x00005c99  0x13e  Code  Gb  xstoul.o [7]
__iar_copy_init3        0x000066f9   0x2c  Code  Gb  copy_init3.o [8]
__iar_data_init3        0x00005fb5   0x28  Code  Gb  data_init.o [8]
__iar_dlib_perthread_access
                        0x00006121    0x2  Code  Gb  xtls.o [7]
__iar_program_start     0x00006891         Code  Gb  cstartup_M.o [8]
__iar_unaligned___aeabi_memcpy
                        0x00004cdd         Code  Gb  ABImemcpy_unaligned.o [8]
__iar_unaligned___aeabi_memcpy4
                        0x00004cfd         Code  Gb  ABImemcpy_unaligned.o [8]
__iar_unaligned___aeabi_memcpy8
                        0x00004cfd         Code  Gb  ABImemcpy_unaligned.o [8]
__iar_zero_init3        0x000066b9   0x40  Code  Gb  zero_init3.o [8]
__low_level_init        0x00005fb1    0x4  Code  Gb  low_level_init.o [7]
__vector_table          0x00000000         Data  Gb  startup_LPC13xx.o [1]
__vector_table_0x1c     0x0000001c         Data  Gb  startup_LPC13xx.o [1]
_alloc_box              0x00005e55         Code  Gb  HAL_CM3.o [6]
_exit                   0x000060a9         Code  Gb  cexit.o [8]
_free_box               0x00005e71         Code  Gb  HAL_CM3.o [6]
_init_box               0x000057c1   0x46  Code  Gb  rt_MemBox.o [6]
acc_init                0x00004767    0xa  Code  Gb  acc.o [3]
acc_read                0x00004771   0x74  Code  Gb  acc.o [3]
addr2led                0x10000080    0x8  Data  Lc  main.o [1]
atoi                    0x0000026d    0x8  Code  Gb  atoi.o [7]
aucCRCLo                0x00006538  0x100  Data  Lc  modbus.o [3]
aucCRchi                0x00006438  0x100  Data  Lc  modbus.o [3]
blink0Shadow            0x10001934    0x2  Data  Lc  pca9532.o [3]
blink1Shadow            0x10001936    0x2  Data  Lc  pca9532.o [3]
check_fs                0x00000c89   0x78  Code  Lc  ff.o [5]
chk_chr                 0x00000345   0x14  Code  Lc  ff.o [5]
chk_mounted             0x00000d01  0x2d0  Code  Gb  ff.o [5]
chk_power               0x00001b51    0x4  Code  Lc  mmc.o [5]
clust2sect              0x000007d7   0x18  Code  Gb  ff.o [5]
coil_map                0x10001888    0xc  Data  Lc  main.o [1]
coil_map                0x10001920    0x4  Data  Lc  modbus.o [3]
config_read             0x00002b49   0x34  Code  Lc  main.o [1]
create_chain            0x00000729   0xae  Code  Lc  ff.o [5]
create_name             0x00000ab5  0x130  Code  Lc  ff.o [5]
dbg_init                0x00005c33   0x20  Code  Gb  HAL_CM.o [6]
dbg_msg                 0x10001941    0x1  Data  Gb  HAL_CM.o [6]
dbg_task_notify         0x00005c53   0x1c  Code  Gb  HAL_CM.o [6]
dbg_task_switch         0x00005c6f    0xc  Code  Gb  HAL_CM.o [6]
debounce_count          0x100018b0    0x4  Data  Gb  main.o [1]
deselect                0x00001b05   0x12  Code  Lc  mmc.o [5]
digits                  0x00005de0   0x28  Data  Lc  xstoul.o [7]
dir                     0x100017c0   0x1c  Data  Gb  main.o [1]
dir_find                0x000009cd   0x60  Code  Lc  ff.o [5]
dir_next                0x0000089d  0x130  Code  Lc  ff.o [5]
dir_register            0x00000a2d   0x88  Code  Lc  ff.o [5]
dir_seek                0x000007ef   0xae  Code  Lc  ff.o [5]
disk_initialize         0x00001ca9  0x14e  Code  Gb  mmc.o [5]
disk_ioctl              0x00001f61  0x27c  Code  Gb  mmc.o [5]
disk_read               0x00001e09   0x98  Code  Gb  mmc.o [5]
disk_status             0x00001df7   0x12  Code  Gb  mmc.o [5]
disk_write              0x00001ea1   0xc0  Code  Gb  mmc.o [5]
display_header          0x10001868   0x10  Data  Gb  main.o [1]
exit                    0x00005fdd    0x4  Code  Gb  exit.o [7]
f_close                 0x0000165f   0x18  Code  Gb  ff.o [5]
f_lseek                 0x00001677  0x17e  Code  Gb  ff.o [5]
f_mount                 0x00000ffb   0x32  Code  Gb  ff.o [5]
f_open                  0x00001035  0x1a6  Code  Gb  ff.o [5]
f_opendir               0x000017f5   0x74  Code  Gb  ff.o [5]
f_printf                0x000018e1  0x1a2  Code  Gb  ff.o [5]
f_putc                  0x00001889   0x2c  Code  Gb  ff.o [5]
f_puts                  0x000018b5   0x2c  Code  Gb  ff.o [5]
f_read                  0x000011db  0x1c2  Code  Gb  ff.o [5]
f_sync                  0x000015cd   0x92  Code  Gb  ff.o [5]
f_write                 0x0000139d  0x230  Code  Gb  ff.o [5]
fatFs                   0x10001148  0x230  Data  Gb  main.o [1]
fil_config              0x1000179c   0x24  Data  Gb  main.o [1]
fil_data                0x10001778   0x24  Data  Gb  main.o [1]
file_offset             0x100018b8    0x4  Data  Gb  main.o [1]
follow_path             0x00000be5   0xa4  Code  Lc  ff.o [5]
font5x7                 0x00006138  0x300  Data  Gb  font5x7.o [3]
font_mask               0x000068ac    0x8  Data  Lc  oled.o [3]
fr                      0x1000193a    0x1  Data  Gb  main.o [1]
getStatus               0x0000472d   0x22  Code  Lc  acc.o [3]
get_fat                 0x000004a3   0xfa  Code  Gb  ff.o [5]
get_fattime             0x00001869    0x4  Code  Gb  ff.o [5]
hLine                   0x0000429f   0x36  Code  Lc  oled.o [3]
intToString             0x00002aed   0x56  Code  Lc  main.o [1]
isrMessageGet           0x0000375f   0x2a  Code  Gb  rt_CMSIS.o [6]
isrMessagePut           0x00003731   0x2e  Code  Gb  rt_CMSIS.o [6]
isrSignalSet            0x00003501   0x28  Code  Gb  rt_CMSIS.o [6]
isr_evt_set             0x000055e1   0x20  Code  Gb  rt_Event.o [6]
isr_mbx_receive         0x000053df   0x4c  Code  Gb  rt_Mailbox.o [6]
isr_mbx_send            0x000053d1    0xe  Code  Gb  rt_Mailbox.o [6]
isspace                 0x0000601b   0x14  Code  Gb  isxxx.o [7]
joystick_init           0x00004105   0x36  Code  Gb  joystick.o [3]
ledStateShadow          0x10001938    0x2  Data  Lc  pca9532.o [3]
light_enable            0x00004645   0x2a  Code  Gb  light.o [3]
light_init              0x00004643    0x2  Code  Gb  light.o [3]
light_read              0x0000466f   0x56  Code  Gb  light.o [3]
light_setRange          0x000046c5   0x60  Code  Gb  light.o [3]
m_tmr                   0x100018f0    0x4  Data  Gb  RTX_Conf_CM.o [1]
mail_DataOLED           0x100018c8    0x4  Data  Gb  main.o [1]
mail_DataProcess        0x100018c0    0x4  Data  Gb  main.o [1]
mail_DataSD             0x100018c4    0x4  Data  Gb  main.o [1]
main                    0x00002853  0x29a  Code  Gb  main.o [1]
mem_cmp                 0x00000325   0x20  Code  Lc  ff.o [5]
mem_cpy                 0x00000301   0x14  Code  Lc  ff.o [5]
mem_set                 0x00000315   0x10  Code  Lc  ff.o [5]
memchr                  0x00006045         Code  Gb  memchr.o [8]
modbus_respondMaster    0x00004bad   0x26  Code  Gb  modbus.o [3]
modbus_waitMasterRequest
                        0x00004b71   0x3c  Code  Gb  modbus.o [3]
move_window             0x00000359   0x74  Code  Lc  ff.o [5]
mp_stk                  0x100000b8  0xa00  Data  Gb  RTX_Conf_CM.o [1]
mp_stk_size             0x000068d4    0x4  Data  Gb  RTX_Conf_CM.o [1]
mp_tcb                  0x10001378  0x178  Data  Gb  RTX_Conf_CM.o [1]
mp_tcb_size             0x00000268    0x2  Data  Gb  RTX_Conf_CM.o [1]
mp_tmr_size             0x0000026a    0x2  Data  Gb  RTX_Conf_CM.o [1]
msTicks                 0x100018ac    0x4  Data  Lc  main.o [1]
mutex_Spi               0x100018cc    0x4  Data  Gb  main.o [1]
ndigs                   0x00005e08   0x28  Data  Lc  xstoul.o [7]
oled_clearScreen        0x000044e9   0x48  Code  Gb  oled.o [3]
oled_fillRect           0x00004459   0x90  Code  Gb  oled.o [3]
oled_init               0x0000430b   0x6e  Code  Gb  oled.o [3]
oled_putChar            0x00004531   0xa2  Code  Gb  oled.o [3]
oled_putPixel           0x00004379   0xe0  Code  Gb  oled.o [3]
oled_putString          0x000045e1   0x3e  Code  Gb  oled.o [3]
osDelay                 0x00003369   0x14  Code  Gb  rt_CMSIS.o [6]
osKernelInitialize      0x000031d1   0x20  Code  Gb  rt_CMSIS.o [6]
osKernelStart           0x000031f1   0x70  Code  Gb  rt_CMSIS.o [6]
osMailAlloc             0x00003915   0x2c  Code  Gb  rt_CMSIS.o [6]
osMailCreate            0x000038ed   0x26  Code  Gb  rt_CMSIS.o [6]
osMailFree              0x0000394d   0x18  Code  Gb  rt_CMSIS.o [6]
osMailGet               0x00003977   0x20  Code  Gb  rt_CMSIS.o [6]
osMailPut               0x00003965   0x12  Code  Gb  rt_CMSIS.o [6]
osMessageGet            0x000037a9   0x30  Code  Gb  rt_CMSIS.o [6]
osMessagePut            0x00003791   0x14  Code  Gb  rt_CMSIS.o [6]
osMessageQId_osTimerMessageQ
                        0x100018ec    0x4  Data  Gb  RTX_Conf_CM.o [1]
osMutexCreate           0x000035ed   0x3c  Code  Gb  rt_CMSIS.o [6]
osMutexRelease          0x0000363d   0x14  Code  Gb  rt_CMSIS.o [6]
osMutexWait             0x00003629   0x14  Code  Gb  rt_CMSIS.o [6]
osSignalSet             0x00003529   0x16  Code  Gb  rt_CMSIS.o [6]
osSignalWait            0x00003541   0x30  Code  Gb  rt_CMSIS.o [6]
osThreadCreate          0x00003319   0x2a  Code  Gb  rt_CMSIS.o [6]
osThreadExit            0x00003345   0x12  Code  Gb  rt_CMSIS.o [6]
osThreadId_osTimerThread
                        0x100018e8    0x4  Data  Gb  RTX_Conf_CM.o [1]
osTimerThread           0x0000341d   0x40  Code  Gb  rt_CMSIS.o [6]
os_active_TCB           0x100017dc   0x1c  Data  Gb  RTX_Conf_CM.o [1]
os_clockrate            0x000068cc    0x4  Data  Gb  RTX_Conf_CM.o [1]
os_dly                  0x10001828   0x18  Data  Gb  rt_List.o [6]
os_error                0x0000550d   0x1c  Code  Gb  RTX_Conf_CM.o [1]
os_fifo                 0x10001580   0x84  Data  Gb  RTX_Conf_CM.o [1]
os_fifo_size            0x0000027b    0x1  Data  Gb  RTX_Conf_CM.o [1]
os_flags                0x0000027a    0x1  Data  Gb  RTX_Conf_CM.o [1]
os_idle_TCB             0x100016dc   0x34  Data  Gb  rt_Task.o [6]
os_idle_demon           0x00005509    0x4  Code  Gb  RTX_Conf_CM.o [1]
os_initialized          0x10001932    0x1  Data  Gb  rt_CMSIS.o [6]
os_lock                 0x1000189c    0x1  Data  Lc  rt_System.o [6]
os_mailQ_def_mail_DataOLED
                        0x00006878    0xc  Data  Gb  main.o [1]
os_mailQ_def_mail_DataProcess
                        0x00006860    0xc  Data  Gb  main.o [1]
os_mailQ_def_mail_DataSD
                        0x0000686c    0xc  Data  Gb  main.o [1]
os_mailQ_m_mail_DataOLED
                        0x100017f8   0x18  Data  Gb  main.o [1]
os_mailQ_m_mail_DataProcess
                        0x10001604   0x6c  Data  Gb  main.o [1]
os_mailQ_m_mail_DataSD  0x10001670   0x6c  Data  Gb  main.o [1]
os_mailQ_p_mail_DataOLED
                        0x10000098    0x8  Data  Gb  main.o [1]
os_mailQ_p_mail_DataProcess
                        0x10000088    0x8  Data  Gb  main.o [1]
os_mailQ_p_mail_DataSD  0x10000090    0x8  Data  Gb  main.o [1]
os_mailQ_q_mail_DataOLED
                        0x10001840   0x14  Data  Gb  main.o [1]
os_mailQ_q_mail_DataProcess
                        0x10001718   0x30  Data  Gb  main.o [1]
os_mailQ_q_mail_DataSD  0x10001748   0x30  Data  Gb  main.o [1]
os_maxtaskrun           0x00000128    0x2  Data  Gb  RTX_Conf_CM.o [1]
os_messageQ_def_osTimerMessageQ
                        0x0000689c    0x8  Data  Gb  RTX_Conf_CM.o [1]
os_messageQ_q_osTimerMessageQ
                        0x100014f0   0x90  Data  Gb  RTX_Conf_CM.o [1]
os_mutex_cb_mutex_Spi   0x10001878   0x10  Data  Gb  main.o [1]
os_mutex_def_mutex_Spi  0x000068b4    0x4  Data  Gb  main.o [1]
os_psh_flag             0x1000189d    0x1  Data  Lc  rt_System.o [6]
os_rdy                  0x10001810   0x18  Data  Gb  rt_List.o [6]
os_robin                0x100018a4    0x8  Data  Gb  rt_Robin.o [6]
os_rrobin               0x000068bc    0x4  Data  Gb  RTX_Conf_CM.o [1]
os_running              0x10001933    0x1  Data  Gb  rt_CMSIS.o [6]
os_set_env              0x00005e3d         Code  Gb  HAL_CM3.o [6]
os_stack_mem            0x10000ab8  0x390  Data  Gb  RTX_Conf_CM.o [1]
os_stack_sz             0x000068d8    0x4  Data  Gb  RTX_Conf_CM.o [1]
os_stackinfo            0x000068b8    0x4  Data  Gb  RTX_Conf_CM.o [1]
os_thread_def_main      0x00006808   0x10  Data  Gb  RTX_Conf_CM.o [1]
os_thread_def_osTimerThread
                        0x000067f8   0x10  Data  Gb  RTX_Conf_CM.o [1]
os_thread_def_task_PauseRoutine
                        0x000067e8   0x10  Data  Gb  main.o [1]
os_thread_def_task_PrintOLED
                        0x000067c8   0x10  Data  Gb  main.o [1]
os_thread_def_task_PrintSD
                        0x000067a8   0x10  Data  Gb  main.o [1]
os_thread_def_task_ProcessData
                        0x000067d8   0x10  Data  Gb  main.o [1]
os_thread_def_task_ReadSensors
                        0x000067b8   0x10  Data  Gb  main.o [1]
os_tick_init            0x00005b11   0x20  Code  Wk  rt_System.o [6]
os_tick_irqack          0x00005b31    0x2  Code  Wk  rt_System.o [6]
os_tick_irqn            0x100018a0    0x4  Data  Gb  rt_System.o [6]
os_time                 0x1000192c    0x4  Data  Gb  rt_Time.o [6]
os_timer_head           0x10001928    0x4  Data  Gb  rt_CMSIS.o [6]
os_timernum             0x000068d0    0x4  Data  Gb  RTX_Conf_CM.o [1]
os_trv                  0x000068c0    0x4  Data  Gb  RTX_Conf_CM.o [1]
os_tsk                  0x10001710    0x8  Data  Gb  rt_Task.o [6]
pca9532_setLeds         0x00004c9f   0x30  Code  Gb  pca9532.o [3]
pend_flags              0x1000189e    0x1  Data  Lc  rt_System.o [6]
power_off               0x00001b4f    0x2  Code  Lc  mmc.o [5]
power_on                0x00001b37   0x18  Code  Lc  mmc.o [5]
process_master_request  0x00004881   0x44  Code  Lc  modbus.o [3]
put_fat                 0x0000059d  0x122  Code  Gb  ff.o [5]
range                   0x100000a8    0x4  Data  Lc  light.o [3]
rcvr_datablock          0x00001b55   0x66  Code  Lc  mmc.o [5]
rcvr_spi                0x00001ac9   0x16  Code  Lc  mmc.o [5]
readControlReg          0x00004621   0x22  Code  Lc  light.o [3]
register_map            0x10000074    0xc  Data  Lc  main.o [1]
register_map            0x10001924    0x4  Data  Lc  modbus.o [3]
remove_chain            0x000006bf   0x6a  Code  Lc  ff.o [5]
res                     0x1000193c    0x1  Data  Gb  main.o [1]
respond_RM_Coil         0x000048c5   0x9a  Code  Lc  modbus.o [3]
respond_RM_Reg          0x0000495f   0xfe  Code  Lc  modbus.o [3]
respond_WM_Reg          0x00004ac9   0xa8  Code  Lc  modbus.o [3]
respond_WS_Coil         0x00004a5d   0x6c  Code  Lc  modbus.o [3]
rgb_init                0x000047e5   0x4a  Code  Gb  rgb.o [3]
rt_alloc_box            0x00005807   0x1a  Code  Gb  rt_MemBox.o [6]
rt_alloc_mem            0x00004d6d   0x48  Code  Gb  rt_Memory.o [6]
rt_block                0x00004e41   0x2a  Code  Gb  rt_Task.o [6]
rt_chk_robin            0x00005f63   0x3c  Code  Wk  rt_Robin.o [6]
rt_dec_dly              0x00005943   0x9c  Code  Gb  rt_List.o [6]
rt_dispatch             0x00004e03   0x3e  Code  Gb  rt_Task.o [6]
rt_dly_wait             0x00000275    0x6  Code  Gb  rt_Time.o [6]
rt_evt_psh              0x00005601   0x50  Code  Gb  rt_Event.o [6]
rt_evt_set              0x00005589   0x58  Code  Gb  rt_Event.o [6]
rt_evt_wait             0x00005551   0x38  Code  Gb  rt_Event.o [6]
rt_free_box             0x00005821   0x28  Code  Gb  rt_MemBox.o [6]
rt_free_mem             0x00004db5   0x2c  Code  Gb  rt_Memory.o [6]
rt_get_PSP              0x00005e37         Code  Gb  HAL_CM3.o [6]
rt_get_first            0x00005891   0x2a  Code  Gb  rt_List.o [6]
rt_init_mem             0x00004d53   0x1a  Code  Gb  rt_Memory.o [6]
rt_init_robin           0x00005f55    0xe  Code  Wk  rt_Robin.o [6]
rt_init_stack           0x00005bad   0x76  Code  Gb  HAL_CM.o [6]
rt_mbx_check            0x000053c9    0x8  Code  Gb  rt_Mailbox.o [6]
rt_mbx_init             0x00005275   0x1a  Code  Gb  rt_Mailbox.o [6]
rt_mbx_psh              0x0000542b   0xd4  Code  Gb  rt_Mailbox.o [6]
rt_mbx_send             0x0000528f   0x92  Code  Gb  rt_Mailbox.o [6]
rt_mbx_wait             0x00005321   0xa8  Code  Gb  rt_Mailbox.o [6]
rt_ms2tick              0x000030f1   0x3c  Code  Lc  rt_CMSIS.o [6]
rt_mut_init             0x00005661   0x10  Code  Gb  rt_Mutex.o [6]
rt_mut_release          0x00005671   0xc8  Code  Gb  rt_Mutex.o [6]
rt_mut_wait             0x00005739   0x6e  Code  Gb  rt_Mutex.o [6]
rt_pop_req              0x00005aab   0x66  Code  Gb  rt_System.o [6]
rt_psh_req              0x00005a95   0x16  Code  Gb  rt_System.o [6]
rt_psq_enq              0x00005a2b   0x48  Code  Gb  rt_List.o [6]
rt_put_dly              0x000058f5   0x4e  Code  Gb  rt_List.o [6]
rt_put_prio             0x00005859   0x38  Code  Gb  rt_List.o [6]
rt_put_rdy_first        0x000058bb    0xe  Code  Gb  rt_List.o [6]
rt_resort_prio          0x000058c9   0x2c  Code  Gb  rt_List.o [6]
rt_ret_val              0x00005c23    0x6  Code  Gb  HAL_CM.o [6]
rt_ret_val2             0x00005c29    0xa  Code  Gb  HAL_CM.o [6]
rt_rmv_dly              0x00005a05   0x26  Code  Gb  rt_List.o [6]
rt_rmv_list             0x000059df   0x26  Code  Gb  rt_List.o [6]
rt_sem_psh              0x00005fe1   0x30  Code  Gb  rt_Semaphore.o [6]
rt_set_PSP              0x00005e31         Code  Gb  HAL_CM3.o [6]
rt_stk_check            0x00005b65   0x1c  Code  Wk  rt_System.o [6]
rt_switch_req           0x00004de1   0x22  Code  Gb  rt_Task.o [6]
rt_sys_init             0x000050fd   0xae  Code  Gb  rt_Task.o [6]
rt_sys_start            0x000051ad   0x68  Code  Gb  rt_Task.o [6]
rt_systick              0x00005b33   0x32  Code  Gb  rt_System.o [6]
rt_tsk_create           0x00004ef3   0xa4  Code  Gb  rt_Task.o [6]
rt_tsk_delete           0x00004f97  0x160  Code  Gb  rt_Task.o [6]
rt_tsk_prio             0x00004e7d   0x76  Code  Gb  rt_Task.o [6]
rt_tsk_self             0x00004e71    0xc  Code  Gb  rt_Task.o [6]
runInitSequence         0x000041cf   0xd0  Code  Lc  oled.o [3]
sample_period           0x100018b4    0x4  Data  Gb  main.o [1]
select                  0x00001b17   0x20  Code  Lc  mmc.o [5]
send_cmd                0x00001c17   0x92  Code  Lc  mmc.o [5]
setLeds                 0x00004c3f   0x60  Code  Lc  pca9532.o [3]
setLsStates             0x00004bed   0x52  Code  Lc  pca9532.o [3]
setModeControl          0x0000474f   0x18  Code  Lc  acc.o [3]
set_clock_fast          0x00001aa1   0x1c  Code  Lc  mmc.o [5]
set_clock_slow          0x00001a85   0x1c  Code  Lc  mmc.o [5]
shadowFB                0x10000e48  0x300  Data  Lc  oled.o [3]
stat                    0x1000193b    0x1  Data  Gb  main.o [1]
svcDelay                0x00003357   0x12  Code  Gb  rt_CMSIS.o [6]
svcKernelInitialize     0x0000312d   0x60  Code  Gb  rt_CMSIS.o [6]
svcKernelStart          0x0000318d   0x42  Code  Gb  rt_CMSIS.o [6]
svcMailCreate           0x000037df   0x4c  Code  Gb  rt_CMSIS.o [6]
svcMessageCreate        0x00003691   0x26  Code  Gb  rt_CMSIS.o [6]
svcMessageGet           0x000036ed   0x38  Code  Gb  rt_CMSIS.o [6]
svcMessageGet_          0x00003679   0x18  Code  Gb  rt_CMSIS.o [6]
svcMessagePut           0x000036b7   0x36  Code  Gb  rt_CMSIS.o [6]
svcMutexCreate          0x00003571   0x1c  Code  Gb  rt_CMSIS.o [6]
svcMutexRelease         0x000035c9   0x22  Code  Gb  rt_CMSIS.o [6]
svcMutexWait            0x0000358d   0x3c  Code  Gb  rt_CMSIS.o [6]
svcSignalSet            0x00003475   0x28  Code  Gb  rt_CMSIS.o [6]
svcSignalWait           0x000034a3   0x5e  Code  Gb  rt_CMSIS.o [6]
svcSignalWait_          0x0000345d   0x18  Code  Gb  rt_CMSIS.o [6]
svcThreadCreate         0x00003261   0x66  Code  Gb  rt_CMSIS.o [6]
svcThreadGetId          0x000032c7   0x16  Code  Gb  rt_CMSIS.o [6]
svcThreadTerminate      0x000032dd   0x3c  Code  Gb  rt_CMSIS.o [6]
svcTimerCall            0x0000337d   0x18  Code  Gb  rt_CMSIS.o [6]
switch_lsbmsb           0x00004873    0xe  Code  Lc  modbus.o [3]
sync                    0x000003cd   0xd6  Code  Lc  ff.o [5]
sysMailAlloc            0x0000382b   0x58  Code  Gb  rt_CMSIS.o [6]
sysMailFree             0x00003889   0x64  Code  Gb  rt_CMSIS.o [6]
sysTimerTick            0x00003395   0x86  Code  Gb  rt_CMSIS.o [6]
system_state            0x100000b4    0x1  Data  Gb  main.o [1]
t_PauseRoutine          0x100018e0    0x4  Data  Gb  main.o [1]
t_PrintOLED             0x100018d8    0x4  Data  Gb  main.o [1]
t_PrintSD               0x100018d0    0x4  Data  Gb  main.o [1]
t_ProcessData           0x100018dc    0x4  Data  Gb  main.o [1]
t_ReadSensors           0x100018d4    0x4  Data  Gb  main.o [1]
task_PauseRoutine       0x00002fd9   0x5a  Code  Gb  main.o [1]
task_PrintOLED          0x00002d37  0x18e  Code  Gb  main.o [1]
task_PrintSD            0x00002ec5  0x114  Code  Gb  main.o [1]
task_ProcessData        0x00002c11  0x126  Code  Gb  main.o [1]
task_ReadSensors        0x00002b7d   0x94  Code  Gb  main.o [1]
tolower                 0x0000602f   0x14  Code  Gb  tolower.o [7]
uart_buffer             0x10001854   0x14  Data  Lc  modbus.o [3]
usMBCRC16               0x0000483d   0x36  Code  Lc  modbus.o [3]
vLine                   0x000042d5   0x36  Code  Lc  oled.o [3]
validate                0x00000fd1   0x2a  Code  Lc  ff.o [5]
wait_ready              0x00001adf   0x26  Code  Lc  mmc.o [5]
width                   0x100000ac    0x4  Data  Lc  light.o [3]
writeCommand            0x0000413d   0x2a  Code  Lc  oled.o [3]
writeData               0x00004167   0x2a  Code  Lc  oled.o [3]
writeDataLen            0x00004191   0x3e  Code  Lc  oled.o [3]
written_bytes           0x100018bc    0x4  Data  Gb  main.o [1]
xmit_datablock          0x00001bbb   0x5c  Code  Lc  mmc.o [5]
xmit_spi                0x00001abd    0xc  Code  Lc  mmc.o [5]


[1] = D:\UTFPR\Períodos\8º Período\Sistemas Embarcados\Laboratórios\tarefa04 - datalogger modbus\Codigo\LAB04\Examples\Debug\Obj
[2] = command line
[3] = Lib_EaBaseBoard.a
[4] = Lib_MCU.a
[5] = Lib_Mmc_Fat.a
[6] = RTX_CM3.a
[7] = dl7M_tlf.a
[8] = rt7M_tl.a
[9] = shb_l.a

  25 094 bytes of readonly  code memory
   2 014 bytes of readonly  data memory
   6 592 bytes of readwrite data memory

Errors: none
Warnings: none
